------------------------------------------------------------
TimeQuest Timing Analyzer Summary
------------------------------------------------------------

Type  : Slow 1200mV 85C Model Setup 'central:inst4|estado_pr.S6'
Slack : -3.084
TNS   : -24.627

Type  : Slow 1200mV 85C Model Setup 'clk'
Slack : -2.989
TNS   : -23.373

Type  : Slow 1200mV 85C Model Setup 'Divisor:inst3|pulso'
Slack : -2.580
TNS   : -21.206

Type  : Slow 1200mV 85C Model Hold 'Divisor:inst3|pulso'
Slack : -0.034
TNS   : -0.034

Type  : Slow 1200mV 85C Model Hold 'central:inst4|estado_pr.S6'
Slack : 0.560
TNS   : 0.000

Type  : Slow 1200mV 85C Model Hold 'clk'
Slack : 0.654
TNS   : 0.000

Type  : Slow 1200mV 85C Model Recovery 'Divisor:inst3|pulso'
Slack : -2.494
TNS   : -20.486

Type  : Slow 1200mV 85C Model Removal 'Divisor:inst3|pulso'
Slack : 2.112
TNS   : 0.000

Type  : Slow 1200mV 85C Model Minimum Pulse Width 'clk'
Slack : -3.000
TNS   : -19.000

Type  : Slow 1200mV 85C Model Minimum Pulse Width 'Divisor:inst3|pulso'
Slack : -1.000
TNS   : -19.000

Type  : Slow 1200mV 85C Model Minimum Pulse Width 'central:inst4|estado_pr.S6'
Slack : 0.434
TNS   : 0.000

Type  : Slow 1200mV 0C Model Setup 'central:inst4|estado_pr.S6'
Slack : -2.779
TNS   : -21.778

Type  : Slow 1200mV 0C Model Setup 'clk'
Slack : -2.707
TNS   : -19.898

Type  : Slow 1200mV 0C Model Setup 'Divisor:inst3|pulso'
Slack : -2.273
TNS   : -18.587

Type  : Slow 1200mV 0C Model Hold 'Divisor:inst3|pulso'
Slack : -0.023
TNS   : -0.023

Type  : Slow 1200mV 0C Model Hold 'central:inst4|estado_pr.S6'
Slack : 0.513
TNS   : 0.000

Type  : Slow 1200mV 0C Model Hold 'clk'
Slack : 0.602
TNS   : 0.000

Type  : Slow 1200mV 0C Model Recovery 'Divisor:inst3|pulso'
Slack : -2.099
TNS   : -17.477

Type  : Slow 1200mV 0C Model Removal 'Divisor:inst3|pulso'
Slack : 1.921
TNS   : 0.000

Type  : Slow 1200mV 0C Model Minimum Pulse Width 'clk'
Slack : -3.000
TNS   : -19.000

Type  : Slow 1200mV 0C Model Minimum Pulse Width 'Divisor:inst3|pulso'
Slack : -1.000
TNS   : -19.000

Type  : Slow 1200mV 0C Model Minimum Pulse Width 'central:inst4|estado_pr.S6'
Slack : 0.438
TNS   : 0.000

Type  : Fast 1200mV 0C Model Setup 'central:inst4|estado_pr.S6'
Slack : -1.129
TNS   : -8.824

Type  : Fast 1200mV 0C Model Setup 'clk'
Slack : -0.730
TNS   : -1.594

Type  : Fast 1200mV 0C Model Setup 'Divisor:inst3|pulso'
Slack : -0.540
TNS   : -3.218

Type  : Fast 1200mV 0C Model Hold 'Divisor:inst3|pulso'
Slack : -0.046
TNS   : -0.046

Type  : Fast 1200mV 0C Model Hold 'clk'
Slack : 0.182
TNS   : 0.000

Type  : Fast 1200mV 0C Model Hold 'central:inst4|estado_pr.S6'
Slack : 0.201
TNS   : 0.000

Type  : Fast 1200mV 0C Model Recovery 'Divisor:inst3|pulso'
Slack : -1.049
TNS   : -7.671

Type  : Fast 1200mV 0C Model Removal 'Divisor:inst3|pulso'
Slack : 1.275
TNS   : 0.000

Type  : Fast 1200mV 0C Model Minimum Pulse Width 'clk'
Slack : -3.000
TNS   : -19.842

Type  : Fast 1200mV 0C Model Minimum Pulse Width 'Divisor:inst3|pulso'
Slack : -1.000
TNS   : -19.000

Type  : Fast 1200mV 0C Model Minimum Pulse Width 'central:inst4|estado_pr.S6'
Slack : 0.342
TNS   : 0.000

------------------------------------------------------------
